../Core/Inc/NRF24.h:355:20:nrf24_set_payload_size	16	static
../Core/Src/main.c:97:5:main	96	static
../Core/Src/main.c:170:6:SystemClock_Config	72	static
../Core/Src/main.c:210:13:MX_SPI1_Init	8	static
../Core/Src/main.c:248:13:MX_TIM1_Init	96	static
../Core/Src/main.c:331:13:MX_USART2_UART_Init	8	static
../Core/Src/main.c:364:13:MX_GPIO_Init	40	static
../Core/Src/main.c:392:6:nrf24_receiver_setup	8	static
../Core/Src/main.c:415:5:try_receive_nrf24	40	static
../Core/Src/main.c:438:7:NormalizeADC	32	static
../Core/Src/main.c:454:10:ToPWMus	16	static
../Core/Src/main.c:463:6:KiwiDrive	56	static
../Core/Src/main.c:485:6:DebugUART	200	static
../Core/Src/main.c:504:6:Error_Handler	4	static,ignoring_inline_asm
